eeschema (2013-june-11)-stable  >> Creation date: Pá 7. únor 2014, 20:10:52 CET
#Cmp ( order = Reference )
| C1         12p         
| C2         12p         
| C3         10n         
| C4         10n         
| C5         10u         
| C6         10u         
| C7         100n        
| C8         220u        
| C9         22n         
| C10        100u        
| C11        470u        
| C12        100n        
| C15        4u7         
| C16        100n        
| C17        100n        
| C18        C           
| IC1        ATMEGA32-P  
| IC2        TDA7233     
| IC3        MCP4921-E/P 
| K1         CONN_3      
| K2         CONN_3      
| P1         CONN_6      
| P2         CONN_5      
| P3         CONN_4      
| P4         CONN_2      
| P5         SDCARD      
| P6         CONN_2      
| P7         CONN_1      
| Q1         BC237       
| Q2         MPSA42      
| R1         22k         
| R2         4k7         
| R3         22k         
| R4         390         
| R5         100         
| R6         390         
| R8         50k         
| R9         50k         
| R10        50k         
| R11        2k2         
| R12        2k2         
| R13        2k2         
| R14        1k5         
| R15        1k5         
| R16        1k5         
| R28        20k         
| R29        10k         
| R30        4R7         
| R31        20k         
| R32        390         
| R33        390         
| R34        22k         
| R35        0           
| RV2        100k/G      
| SW1        SW_PUSH     
| SW2        SW_PUSH     
| SW3        SW_PUSH     
| U1         LE33CZ      
| X1         32.768kHz   
| X2         16MHz       
#End Cmp

#Cmp (dle hodnoty)
| 12p          C1        
| 12p          C2        
| 10n          C3        
| 10n          C4        
| 22n          C9        
| 100n         C7        
| 100n         C12       
| 100n         C16       
| 100n         C17       
| 4u7          C15       
| 10u          C5        
| 10u          C6        
| 100u         C10       
| 220u         C8        
| 470u         C11       
| C            C18       
| ATMEGA32-P   IC1       
| TDA7233      IC2       
| MCP4921-E/P  IC3       
| CONN_3       K1        
| CONN_3       K2        
| SDCARD       P5        
| CONN_6       P1        
| CONN_5       P2        
| CONN_4       P3        
| CONN_2       P4        
| CONN_2       P6        
| CONN_1       P7        
| MPSA42       Q2        
| BC237        Q1        
| 0            R35       
| 4R7          R30       
| 100          R5        
| 390          R4        
| 390          R6        
| 390          R32       
| 390          R33       
| 1k5          R14       
| 1k5          R15       
| 1k5          R16       
| 2k2          R11       
| 2k2          R12       
| 2k2          R13       
| 4k7          R2        
| 10k          R29       
| 20k          R28       
| 20k          R31       
| 22k          R1        
| 22k          R3        
| 22k          R34       
| 50k          R8        
| 50k          R9        
| 50k          R10       
| 100k/G       RV2       
| SW_PUSH      SW1       
| SW_PUSH      SW2       
| SW_PUSH      SW3       
| LE33CZ       U1        
| 32.768kHz    X1        
| 16MHz        X2        
#Konec Cmp

#Konec seznamu
